"name:  \"zzzz\"\nname_short:  \"nektulos\"\nname_long:  \"Nektulos Forest\"\ntype:  255\nfog_red:  80\nfog_green:  90\nfog_blue:  70\ngravity:  205\ntime_type:  1\nrain_chance:  10\nrain_duration:  2\nspecial_dates:  \"\\x00\\x00\\x00\\x00\"\nspecial_codes:  \"\\x00\\x00\\x00\\x00\"\nwater_music:  4\nmusic_normal_day:  2\ngraveyard_time:  256\n"